BEGIN 1:noc1encoder:fast:work
    noc1buffer_noc1encoder_req_data_0 :  1:cmp_l15_messages_mon:fast:work
    msg_dest_l2_ypos :  1:cmp_l15_messages_mon:fast:work
    noc1buffer_noc1encoder_req_prefetch :  1:cmp_l15_messages_mon:fast:work
    noc1buffer_noc1encoder_req_non_cacheable :  1:cmp_l15_messages_mon:fast:work
    sending :  1:cmp_l15_messages_mon:fast:work
    noc1buffer_noc1encoder_req_size :  1:cmp_l15_messages_mon:fast:work
    msg_src_xpos :  1:cmp_l15_messages_mon:fast:work
    msg_dest_l2_xpos :  1:cmp_l15_messages_mon:fast:work
    req_type :  1:cmp_l15_messages_mon:fast:work
    noc1buffer_noc1encoder_req_mshrid :  1:cmp_l15_messages_mon:fast:work
    noc1encoder_noc1out_val :  1:cmp_l15_messages_mon:fast:work
    noc1buffer_noc1encoder_req_address :  1:cmp_l15_messages_mon:fast:work
    flit :  1:cmp_l15_messages_mon:fast:work
    noc1buffer_noc1encoder_req_data_1 :  1:cmp_l15_messages_mon:fast:work
    msg_src_ypos :  1:cmp_l15_messages_mon:fast:work
    noc1encoder_noc1buffer_req_ack :  1:cmp_l15_messages_mon:fast:work
END 
BEGIN 1:l2_pipe2_dpath:fast:work
    dir_addr_S2 :  1:l2_mon:fast:work
    state_rd_addr_S1 :  1:l2_mon:fast:work
    addr_S2 :  1:l2_mon:fast:work
    state_data_mask_in_S2 :  1:l2_mon:fast:work
    l2_way_state_cache_type_S2 :  1:l2_mon:fast:work
    mshr_rd_index_S1 :  1:l2_mon:fast:work
    mshr_wr_index_S3 :  1:l2_mon:fast:work
    data_addr_S2 :  1:l2_mon:fast:work
    l2_wb_S2 :  1:l2_mon:fast:work
    tag_data_S2 :  1:l2_mon:fast:work
    tag_data_mask_in_S1 :  1:l2_mon:fast:work
    state_data_in_S2 :  1:l2_mon:fast:work
    l2_way_state_subline_S2 :  1:l2_mon:fast:work
    addr_S1 :  1:l2_mon:fast:work
    state_wr_addr_S3 :  1:l2_mon:fast:work
    dir_data_mask_in_S2 :  1:l2_mon:fast:work
    src_y_S1 :  1:l2_mon:fast:work
    l2_tag_hit_S2 :  1:l2_mon:fast:work
    src_y_S2_f :  1:l2_mon:fast:work
    state_data_S2 :  1:l2_mon:fast:work
    tag_data_in_S1 :  1:l2_mon:fast:work
    data_data_mask_in_S2 :  1:l2_mon:fast:work
    l2_way_state_vd_S2 :  1:l2_mon:fast:work
    dir_data_in_S2 :  1:l2_mon:fast:work
    src_x_S1 :  1:l2_mon:fast:work
    l2_way_sel_S2 :  1:l2_mon:fast:work
    src_x_S2_f :  1:l2_mon:fast:work
    l2_way_state_owner_S2 :  1:l2_mon:fast:work
    tag_addr_S1 :  1:l2_mon:fast:work
    data_data_in_S2 :  1:l2_mon:fast:work
    l2_way_state_mesi_S2 :  1:l2_mon:fast:work
    smc_data_in_S2 :  1:l2_mon:fast:work
END 
BEGIN 3:AXI_BUS:fast__1:work
    aw_lock :  1:riscv_peripherals:fast:work
    ar_valid :  1:riscv_peripherals:fast:work 1:axi2mem:fast:work
    w_data :  1:riscv_peripherals:fast:work 1:axi2mem:fast:work
    ar_qos :  1:riscv_peripherals:fast:work
    ar_id :  1:riscv_peripherals:fast:work 1:axi2mem:fast:work
    w_user :  1:axi2mem:fast:work
    ar_addr :  1:riscv_peripherals:fast:work 1:axi2mem:fast:work
    w_strb :  1:riscv_peripherals:fast:work 1:axi2mem:fast:work
    ar_len :  1:riscv_peripherals:fast:work 1:axi2mem:fast:work
    aw_ready :  1:riscv_peripherals:fast:work 1:axi2mem:fast:work
    ar_cache :  1:riscv_peripherals:fast:work
    ar_size :  1:riscv_peripherals:fast:work 1:axi2mem:fast:work
    ar_ready :  1:riscv_peripherals:fast:work 1:axi2mem:fast:work
    aw_region :  1:riscv_peripherals:fast:work
    aw_cache :  1:riscv_peripherals:fast:work
    r_valid :  1:riscv_peripherals:fast:work 1:axi2mem:fast:work
    ar_region :  1:riscv_peripherals:fast:work
    aw_valid :  1:riscv_peripherals:fast:work 1:axi2mem:fast:work
    r_data :  1:riscv_peripherals:fast:work 1:axi2mem:fast:work
    aw_addr :  1:riscv_peripherals:fast:work 1:axi2mem:fast:work
    r_resp :  1:riscv_peripherals:fast:work 1:axi2mem:fast:work
    ar_burst :  1:riscv_peripherals:fast:work 1:axi2mem:fast:work
    aw_id :  1:riscv_peripherals:fast:work 1:axi2mem:fast:work
    r_last :  1:axi2mem:fast:work
    ar_prot :  1:riscv_peripherals:fast:work
    aw_len :  1:riscv_peripherals:fast:work 1:axi2mem:fast:work
    r_id :  1:axi2mem:fast:work
    aw_atop :  1:riscv_peripherals:fast:work
    aw_size :  1:riscv_peripherals:fast:work 1:axi2mem:fast:work
    aw_prot :  1:riscv_peripherals:fast:work
    aw_burst :  1:riscv_peripherals:fast:work 1:axi2mem:fast:work
    w_ready :  1:riscv_peripherals:fast:work 1:axi2mem:fast:work
    w_valid :  1:riscv_peripherals:fast:work 1:axi2mem:fast:work
    b_valid :  1:riscv_peripherals:fast:work 1:axi2mem:fast:work
    w_last :  1:riscv_peripherals:fast:work 1:axi2mem:fast:work
    b_resp :  1:riscv_peripherals:fast:work 1:axi2mem:fast:work
    r_ready :  1:riscv_peripherals:fast:work 1:axi2mem:fast:work
    b_id :  1:axi2mem:fast:work
    ar_lock :  1:riscv_peripherals:fast:work
    b_ready :  1:riscv_peripherals:fast:work 1:axi2mem:fast:work
    b_user :  1:axi2mem:fast:work
    aw_qos :  1:riscv_peripherals:fast:work
    r_user :  1:axi2mem:fast:work
END 
BEGIN 1:fifo_v3:fast__1:work
    push_i :  1:instr_queue:fast:work
END 
BEGIN 3:instr_tracer_if:fast__1:work
    resolve_branch :  1:cva6:fast:work
    ld_kill :  1:cva6:fast:work
    we_gpr :  1:cva6:fast:work
    st_paddr :  1:cva6:fast:work
    issue_sbe :  1:cva6:fast:work
    exception :  1:cva6:fast:work
    rstn :  1:cva6:fast:work
    commit_ack :  1:cva6:fast:work
    fetch_ack :  1:cva6:fast:work
    wdata :  1:cva6:fast:work
    debug_mode :  1:cva6:fast:work
    instruction :  1:cva6:fast:work
    commit_instr :  1:cva6:fast:work
    ld_valid :  1:cva6:fast:work
    waddr :  1:cva6:fast:work
    priv_lvl :  1:cva6:fast:work
    flush :  1:cva6:fast:work
    st_valid :  1:cva6:fast:work
    issue_ack :  1:cva6:fast:work
    ld_paddr :  1:cva6:fast:work
    we_fpr :  1:cva6:fast:work
    fetch_valid :  1:cva6:fast:work
    flush_unissued :  1:cva6:fast:work
END 
BEGIN 1:l2_pipe1_ctrl:fast:work
    broadcast_y_out_S4 :  1:l2_mon:fast:work
    msg_from_mshr_S3_f :  1:l2_mon:fast:work
    msg_data_ready_S2 :  1:l2_mon:fast:work
    global_stall_S2 :  1:l2_mon:fast:work
    data_size_S4_f :  1:l2_mon:fast:work
    msg_send_type_S4 :  1:l2_mon:fast:work
    stall_real_S2 :  1:l2_mon:fast:work
    broadcast_stall_S4 :  1:l2_mon:fast:work
    global_stall_S1 :  1:l2_mon:fast:work
    req_recycle_S3 :  1:l2_mon:fast:work
    valid_S1 :  1:l2_mon:fast:work
    msg_from_mshr_S4_f :  1:l2_mon:fast:work
    stall_pre_S2 :  1:l2_mon:fast:work
    dir_data_stall_S4 :  1:l2_mon:fast:work
    special_addr_type_S4 :  1:l2_mon:fast:work
    stall_hazard_S1 :  1:l2_mon:fast:work
    msg_from_mshr_S1 :  1:l2_mon:fast:work
    msg_send_ready_S4 :  1:l2_mon:fast:work
    stall_smc_buf_S4 :  1:l2_mon:fast:work
    msg_send_l2_miss_S4 :  1:l2_mon:fast:work
    cache_type_S2_f :  1:l2_mon:fast:work
    valid_S4 :  1:l2_mon:fast:work
    broadcast_x_out_S4 :  1:l2_mon:fast:work
    cs_S2 :  1:l2_mon:fast:work
    data_size_S1 :  1:l2_mon:fast:work
    valid_S3 :  1:l2_mon:fast:work
    cache_type_S4_f :  1:l2_mon:fast:work
    cs_S1 :  1:l2_mon:fast:work
    msg_send_data_size_S4 :  1:l2_mon:fast:work
    msg_type_S2_f :  1:l2_mon:fast:work
    cs_S4 :  1:l2_mon:fast:work
    state_wr_en_S3_f :  1:l2_mon:fast:work
    stall_S1 :  1:l2_mon:fast:work
    stall_load_S2 :  1:l2_mon:fast:work
    msg_type_S4_f :  1:l2_mon:fast:work
    mshr_wr_state_en_S4 :  1:l2_mon:fast:work
    msg_send_mode_S4 :  1:l2_mon:fast:work
    stall_mshr_S1 :  1:l2_mon:fast:work
    data_size_S3_f :  1:l2_mon:fast:work
    smc_stall_S4 :  1:l2_mon:fast:work
    msg_send_mshrid_S4 :  1:l2_mon:fast:work
    req_recycle_S2 :  1:l2_mon:fast:work
    stall_S4 :  1:l2_mon:fast:work
    broadcast_state_S4_f :  1:l2_mon:fast:work
    special_addr_type_S2 :  1:l2_mon:fast:work
    cache_type_S1 :  1:l2_mon:fast:work
    stall_S3 :  1:l2_mon:fast:work
    req_recycle_S4 :  1:l2_mon:fast:work
    state_wr_en_S4 :  1:l2_mon:fast:work
    csm_en :  1:l2_mon:fast:work
    msg_send_cache_type_S4 :  1:l2_mon:fast:work
    broadcast_chipid_out_S4 :  1:l2_mon:fast:work
    dir_data_S3 :  1:l2_mon:fast:work
    msg_type_trans_S1 :  1:l2_mon:fast:work
    smc_miss_S4 :  1:l2_mon:fast:work
    stall_msg_S2 :  1:l2_mon:fast:work
    msg_data_valid_S2 :  1:l2_mon:fast:work
    mshr_wr_data_en_S4 :  1:l2_mon:fast:work
    msg_send_length_S4 :  1:l2_mon:fast:work
    valid_S2 :  1:l2_mon:fast:work
    stall_msg_S1 :  1:l2_mon:fast:work
    cache_type_S3_f :  1:l2_mon:fast:work
    global_stall_S4 :  1:l2_mon:fast:work
    msg_send_subline_vector_S4 :  1:l2_mon:fast:work
    stall_S2 :  1:l2_mon:fast:work
    msg_stall_S4 :  1:l2_mon:fast:work
    broadcast_counter_op_val_S4 :  1:l2_mon:fast:work
    msg_from_mshr_S2 :  1:l2_mon:fast:work
    stall_pre_S1 :  1:l2_mon:fast:work
    special_addr_type_S1 :  1:l2_mon:fast:work
    msg_send_valid_S4 :  1:l2_mon:fast:work
    stall_inv_counter_S4 :  1:l2_mon:fast:work
    dir_data_S4 :  1:l2_mon:fast:work
    msg_type_S3_f :  1:l2_mon:fast:work
    msg_send_mesi_S4 :  1:l2_mon:fast:work
    data_size_S2_f :  1:l2_mon:fast:work
END 
BEGIN 1:pc_cmp:fast:work
    spc0_phy_pc_w :  1:chipset_impl:fast:work
    spc0_inst_done :  1:chipset_impl:fast:work
END 
BEGIN 1:l2_pipe2_ctrl:fast:work
    state_wr_en_S3 :  1:l2_mon:fast:work
    stall_pre_S1 :  1:l2_mon:fast:work
    stall_S1 :  1:l2_mon:fast:work
    cache_type_S2_f :  1:l2_mon:fast:work
    cs_S1 :  1:l2_mon:fast:work
    broadcast_x_out_S2 :  1:l2_mon:fast:work
    valid_S2 :  1:l2_mon:fast:work
    valid_S3 :  1:l2_mon:fast:work
    cache_type_S1 :  1:l2_mon:fast:work
    stall_load_S2 :  1:l2_mon:fast:work
    mshr_wr_state_en_S3 :  1:l2_mon:fast:work
    msg_last_subline_S1 :  1:l2_mon:fast:work
    valid_S1 :  1:l2_mon:fast:work
    data_size_S2_f :  1:l2_mon:fast:work
    smc_wr_en_S2 :  1:l2_mon:fast:work
    stall_hazard_S1 :  1:l2_mon:fast:work
    broadcast_y_out_S2 :  1:l2_mon:fast:work
    msg_from_mshr_S2 :  1:l2_mon:fast:work
    data_size_S1 :  1:l2_mon:fast:work
    stall_S2 :  1:l2_mon:fast:work
    stall_S3 :  1:l2_mon:fast:work
    smc_miss_S1 :  1:l2_mon:fast:work
    msg_type_S2_f :  1:l2_mon:fast:work
    mshr_inc_counter_en_S3 :  1:l2_mon:fast:work
    msg_length_S1 :  1:l2_mon:fast:work
    broadcast_chipid_out_S2 :  1:l2_mon:fast:work
    smc_miss_S2_f :  1:l2_mon:fast:work
    msg_type_S1 :  1:l2_mon:fast:work
    msg_last_subline_S2_f :  1:l2_mon:fast:work
    csm_en :  1:l2_mon:fast:work
    broadcast_counter_op_val_S2 :  1:l2_mon:fast:work
    stall_real_S2 :  1:l2_mon:fast:work
    smc_miss_S3_f :  1:l2_mon:fast:work
    msg_from_mshr_S1 :  1:l2_mon:fast:work
    cs_S2 :  1:l2_mon:fast:work
END 
BEGIN 1:dmbr:fast:work
    l2missIn :  1:dmbr_mon:fast:work
    clk :  1:dmbr_mon:fast:work
    creditIn_4 :  1:dmbr_mon:fast:work
    rst :  1:dmbr_mon:fast:work
    creditIn_6 :  1:dmbr_mon:fast:work
    l1missIn :  1:dmbr_mon:fast:work
    creditIn_8 :  1:dmbr_mon:fast:work
    creditIn_1 :  1:dmbr_mon:fast:work
    replenishCyclesIn :  1:dmbr_mon:fast:work
    creditIn_3 :  1:dmbr_mon:fast:work
    creditIn_5 :  1:dmbr_mon:fast:work
    creditIn_7 :  1:dmbr_mon:fast:work
    creditIn_0 :  1:dmbr_mon:fast:work
    l2responseIn :  1:dmbr_mon:fast:work
    creditIn_9 :  1:dmbr_mon:fast:work
    creditIn_2 :  1:dmbr_mon:fast:work
END 
BEGIN 1:chip:fast:work
    tile_0_0_out_N_noc3_valid :  1:manycore_network_mon:fast:work
    tile_0_0_out_S_noc2_data :  1:manycore_network_mon:fast:work
    tile_0_0_out_S_noc3_valid :  1:manycore_network_mon:fast:work
    tile_0_0_out_N_noc1_valid :  1:manycore_network_mon:fast:work
    tile_0_0_out_E_noc2_data :  1:manycore_network_mon:fast:work
    tile_0_0_out_E_noc3_valid :  1:manycore_network_mon:fast:work
    tile_0_0_out_S_noc1_valid :  1:manycore_network_mon:fast:work
    tile_0_0_out_W_noc2_data :  1:manycore_network_mon:fast:work
    tile_0_0_out_W_noc3_valid :  1:manycore_network_mon:fast:work
    tile_0_0_out_E_noc1_valid :  1:manycore_network_mon:fast:work
    tile_0_0_out_N_noc3_data :  1:manycore_network_mon:fast:work
    tile_0_0_out_W_noc1_valid :  1:manycore_network_mon:fast:work
    tile_0_0_out_S_noc3_data :  1:manycore_network_mon:fast:work
    tile_0_0_out_N_noc1_data :  1:manycore_network_mon:fast:work
    tile_0_0_out_N_noc2_valid :  1:manycore_network_mon:fast:work
    tile_0_0_out_E_noc3_data :  1:manycore_network_mon:fast:work
    tile_0_0_out_S_noc1_data :  1:manycore_network_mon:fast:work
    clk_muxed :  1:cmp_top:fast:work 1:ciop_fake_iob:fast:work
    tile_0_0_out_S_noc2_valid :  1:manycore_network_mon:fast:work
    tile_0_0_out_W_noc3_data :  1:manycore_network_mon:fast:work
    ctap_oram_clk_en :  1:cmp_top:fast:work
    tile_0_0_out_E_noc1_data :  1:manycore_network_mon:fast:work
    rst_n_inter_sync :  1:cmp_top:fast:work
    tile_0_0_out_E_noc2_valid :  1:manycore_network_mon:fast:work
    tile_0_0_out_W_noc1_data :  1:manycore_network_mon:fast:work
    tile_0_0_out_W_noc2_valid :  1:manycore_network_mon:fast:work
    tile_0_0_out_N_noc2_data :  1:manycore_network_mon:fast:work
END 
BEGIN 1:ciop_fake_iob:fast:work
    ok_iob :  1:cmp_top:fast:work
    noc_out_data :  1:iob_mon:fast:work
    noc_out_rdy :  1:iob_mon:fast:work
    cpx_data :  1:iob_mon:fast:work
    noc_out_val :  1:iob_mon:fast:work
END 
BEGIN 1:scoreboard:fast:work
    issue_ack_i :  1:cva6:fast:work
    issue_instr_o :  1:cva6:fast:work
END 
BEGIN 1:axi_lite_interface:fast:work
    axi_req_i :  1:axi_lite_interface:fast:work
    axi_resp_o :  1:axi_lite_interface:fast:work
END 
BEGIN 1:l2_pipe1_buf_out:fast:work
    data_out :  1:l2_mon:fast:work
    ready_out :  1:l2_mon:fast:work
    valid_out :  1:l2_mon:fast:work
END 
BEGIN 1:plic_regs:fast:work
    req_i :  1:plic_regs:fast:work
    resp_o :  1:plic_regs:fast:work
END 
BEGIN 1:cva6:fast:work
    piton_pc :  1:pc_cmp:fast:work
    piton_pc_vld :  1:pc_cmp:fast:work
END 
BEGIN 1:l15_csm:fast:work
    csm_l15_res_data_s3 :  1:cmp_l15_messages_mon:fast:work
    l15_csm_req_data_s2 :  1:cmp_l15_messages_mon:fast:work
    noc1encoder_csm_req_ack :  1:cmp_l15_messages_mon:fast:work
    l15_csm_req_type_s2 :  1:cmp_l15_messages_mon:fast:work
    write_val_s2 :  1:cmp_l15_messages_mon:fast:work
    ghid_val_s2 :  1:cmp_l15_messages_mon:fast:work
    l15_csm_req_address_s2 :  1:cmp_l15_messages_mon:fast:work
    csm_noc1encoder_req_address :  1:cmp_l15_messages_mon:fast:work
    l15_csm_req_val_s2 :  1:cmp_l15_messages_mon:fast:work
    csm_noc1encoder_req_type :  1:cmp_l15_messages_mon:fast:work
    csm_noc1encoder_req_mshrid :  1:cmp_l15_messages_mon:fast:work
    csm_l15_read_res_val :  1:cmp_l15_messages_mon:fast:work
    l15_csm_req_pcx_data_s2 :  1:cmp_l15_messages_mon:fast:work
    l15_csm_read_ticket :  1:cmp_l15_messages_mon:fast:work
    csm_l15_read_res_data :  1:cmp_l15_messages_mon:fast:work
    csm_noc1encoder_req_val :  1:cmp_l15_messages_mon:fast:work
    l15_csm_req_ticket_s2 :  1:cmp_l15_messages_mon:fast:work
    csm_l15_res_val_s3 :  1:cmp_l15_messages_mon:fast:work
END 
BEGIN 1:noc3encoder:fast:work
    src_l2_xpos :  1:cmp_l15_messages_mon:fast:work
    l15_noc3encoder_req_mshrid :  1:cmp_l15_messages_mon:fast:work
    dest_l2_xpos :  1:cmp_l15_messages_mon:fast:work
    noc3encoder_noc3out_val :  1:cmp_l15_messages_mon:fast:work
    l15_noc3encoder_req_data_0 :  1:cmp_l15_messages_mon:fast:work
    l15_noc3encoder_req_type :  1:cmp_l15_messages_mon:fast:work
    l15_noc3encoder_req_with_data :  1:cmp_l15_messages_mon:fast:work
    src_l2_ypos :  1:cmp_l15_messages_mon:fast:work
    l15_noc3encoder_req_sequenceid :  1:cmp_l15_messages_mon:fast:work
    dest_l2_ypos :  1:cmp_l15_messages_mon:fast:work
    noc3encoder_l15_req_ack :  1:cmp_l15_messages_mon:fast:work
    l15_noc3encoder_req_data_1 :  1:cmp_l15_messages_mon:fast:work
    msg_type :  1:cmp_l15_messages_mon:fast:work
    l15_noc3encoder_req_address :  1:cmp_l15_messages_mon:fast:work
END 
BEGIN 1:l2_pipe2_buf_in:fast:work
    data_in :  1:l2_mon:fast:work
    ready_in :  1:l2_mon:fast:work
    valid_in :  1:l2_mon:fast:work
END 
BEGIN 1:store_buffer:fast:work
    valid_i :  1:cva6:fast:work
    paddr_i :  1:cva6:fast:work
END 
BEGIN 1:jtag_ctap:fast:work
    jtag_req :  1:jtag_mon:fast:work
    rtap_packet :  1:jtag_mon:fast:work
    oram_ctap_res_data :  1:jtag_mon:fast:work
    jtag_req_val :  1:jtag_mon:fast:work
    capture_ucb_data_en :  1:jtag_mon:fast:work
    capture_oram_response :  1:jtag_mon:fast:work
END 
BEGIN 3:AXI_BUS:fast__2:work
    aw_qos :  1:riscv_peripherals:fast:work
    aw_addr :  1:riscv_peripherals:fast:work
    aw_lock :  1:riscv_peripherals:fast:work
    aw_id :  1:riscv_peripherals:fast:work
    b_ready :  1:riscv_peripherals:fast:work
    r_ready :  1:riscv_peripherals:fast:work
    ar_qos :  1:riscv_peripherals:fast:work
    r_data :  1:riscv_peripherals:fast:work
    ar_lock :  1:riscv_peripherals:fast:work
    ar_addr :  1:riscv_peripherals:fast:work
    ar_id :  1:riscv_peripherals:fast:work
    w_strb :  1:riscv_peripherals:fast:work
    aw_region :  1:riscv_peripherals:fast:work
    aw_valid :  1:riscv_peripherals:fast:work
    aw_cache :  1:riscv_peripherals:fast:work
    aw_len :  1:riscv_peripherals:fast:work
    aw_size :  1:riscv_peripherals:fast:work
    b_resp :  1:riscv_peripherals:fast:work
    ar_region :  1:riscv_peripherals:fast:work
    r_resp :  1:riscv_peripherals:fast:work
    ar_cache :  1:riscv_peripherals:fast:work
    ar_valid :  1:riscv_peripherals:fast:work
    ar_len :  1:riscv_peripherals:fast:work
    w_valid :  1:riscv_peripherals:fast:work
    aw_atop :  1:riscv_peripherals:fast:work
    aw_ready :  1:riscv_peripherals:fast:work
    aw_prot :  1:riscv_peripherals:fast:work
    aw_burst :  1:riscv_peripherals:fast:work
    ar_size :  1:riscv_peripherals:fast:work
    b_valid :  1:riscv_peripherals:fast:work
    r_valid :  1:riscv_peripherals:fast:work
    ar_prot :  1:riscv_peripherals:fast:work
    ar_ready :  1:riscv_peripherals:fast:work
    ar_burst :  1:riscv_peripherals:fast:work
    w_ready :  1:riscv_peripherals:fast:work
    w_last :  1:riscv_peripherals:fast:work
    w_data :  1:riscv_peripherals:fast:work
END 
BEGIN 1:cmp_top:fast:work
    diag_done :  1:monitor:fast:work 1:pc_cmp:fast:work
    fail_flag :  1:monitor:fast:work
END 
BEGIN 1:l2_pipe1_dpath:fast:work
    l2_lru_bits_S2 :  1:l2_mon:fast:work
    data_data_mask_in_S2 :  1:l2_mon:fast:work
    msg_data_S1 :  1:l2_mon:fast:work
    msg_send_data_S4 :  1:l2_mon:fast:work
    addr_S1 :  1:l2_mon:fast:work
    lsid_S2_f :  1:l2_mon:fast:work
    data_data_S4 :  1:l2_mon:fast:work
    mshr_data_in_S4 :  1:l2_mon:fast:work
    smc_data_out_S4 :  1:l2_mon:fast:work
    l2_way_state_cache_type_S3_f :  1:l2_mon:fast:work
    l2_wb_S2 :  1:l2_mon:fast:work
    dir_data_mask_in_S2 :  1:l2_mon:fast:work
    tag_data_in_S1 :  1:l2_mon:fast:work
    msg_send_dst_x_S4 :  1:l2_mon:fast:work
    state_wr_addr_S4 :  1:l2_mon:fast:work
    l2_way_state_cache_type_S2 :  1:l2_mon:fast:work
    src_y_S2_f :  1:l2_mon:fast:work
    sdid_S1 :  1:l2_mon:fast:work
    l2_way_state_mesi_S3_f :  1:l2_mon:fast:work
    l2_way_sel_S2 :  1:l2_mon:fast:work
    lsid_S4_f :  1:l2_mon:fast:work
    tag_data_S2 :  1:l2_mon:fast:work
    addr_S3_f :  1:l2_mon:fast:work
    l2_way_state_cache_type_S4 :  1:l2_mon:fast:work
    dir_sharer_counter_S4 :  1:l2_mon:fast:work
    l2_way_state_mesi_S2 :  1:l2_mon:fast:work
    state_data_in_S2 :  1:l2_mon:fast:work
    l2_tag_hit_S3_f :  1:l2_mon:fast:work
    src_x_S4_f :  1:l2_mon:fast:work
    msg_data_S2 :  1:l2_mon:fast:work
    smc_tag_out_S4 :  1:l2_mon:fast:work
    l2_way_state_mesi_S4 :  1:l2_mon:fast:work
    mshr_inv_counter_out_S4 :  1:l2_mon:fast:work
    l2_way_state_owner_S3_f :  1:l2_mon:fast:work
    state_way_S2 :  1:l2_mon:fast:work
    data_addr_S2 :  1:l2_mon:fast:work
    tag_data_mask_in_S1 :  1:l2_mon:fast:work
    msg_send_dst_y_S4 :  1:l2_mon:fast:work
    msg_data_S4_f :  1:l2_mon:fast:work
    l2_tag_hit_S4 :  1:l2_mon:fast:work
    l2_way_state_owner_S2 :  1:l2_mon:fast:work
    sdid_S2_f :  1:l2_mon:fast:work
    lsid_S1 :  1:l2_mon:fast:work
    l2_way_state_vd_S3_f :  1:l2_mon:fast:work
    l2_tag_hit_S2 :  1:l2_mon:fast:work
    dir_addr_S2 :  1:l2_mon:fast:work
    mshr_addr_in_S1 :  1:l2_mon:fast:work
    l2_way_state_owner_S4_f :  1:l2_mon:fast:work
    state_data_in_S4 :  1:l2_mon:fast:work
    l2_way_state_vd_S2 :  1:l2_mon:fast:work
    l2_evict_way_sel_S2 :  1:l2_mon:fast:work
    state_data_mask_in_S2 :  1:l2_mon:fast:work
    src_x_S1 :  1:l2_mon:fast:work
    l2_evict_S3_f :  1:l2_mon:fast:work
    src_y_S4_f :  1:l2_mon:fast:work
    return_data_S2 :  1:l2_mon:fast:work
    smc_valid_out_S4 :  1:l2_mon:fast:work
    l2_way_state_vd_S4 :  1:l2_mon:fast:work
    addr_S2 :  1:l2_mon:fast:work
    sdid_S3_f :  1:l2_mon:fast:work
    l2_rb_bits_S2 :  1:l2_mon:fast:work
    data_data_in_S2 :  1:l2_mon:fast:work
    state_rd_addr_S1 :  1:l2_mon:fast:work
    msg_send_dst_fbits_S4 :  1:l2_mon:fast:work
    l2_evict_S4 :  1:l2_mon:fast:work
    addr_S4 :  1:l2_mon:fast:work
    l2_way_state_subline_S3_f :  1:l2_mon:fast:work
    l2_evict_S2 :  1:l2_mon:fast:work
    dir_data_in_S2 :  1:l2_mon:fast:work
    tag_addr_S1 :  1:l2_mon:fast:work
    msg_send_addr_S4 :  1:l2_mon:fast:work
    state_data_mask_in_S4 :  1:l2_mon:fast:work
    l2_way_state_subline_S2 :  1:l2_mon:fast:work
    src_x_S2_f :  1:l2_mon:fast:work
    src_y_S1 :  1:l2_mon:fast:work
    data_data_S3 :  1:l2_mon:fast:work
    sdid_S4_f :  1:l2_mon:fast:work
    state_data_S2 :  1:l2_mon:fast:work
    l2_way_state_subline_S4 :  1:l2_mon:fast:work
    lsid_S3_f :  1:l2_mon:fast:work
END 
BEGIN 1:load_unit:fast:work
    req_port_o :  1:cva6:fast:work
    paddr_i :  1:cva6:fast:work
END 
BEGIN 1:l15_pipeline:fast:work
    creditman_noc1_reserve :  1:cmp_l15_messages_mon:fast:work
    lruarray_l15_dout_s2 :  1:cmp_l15_messages_mon:fast:work
    l15_cpxencoder_inval_way :  1:cmp_l15_messages_mon:fast:work
    noc3_req_val_s3 :  1:cmp_l15_messages_mon:fast:work
    noc2decoder_l15_val :  1:cmp_l15_messages_mon:fast:work
    pcxdecoder_l15_size :  1:cmp_l15_messages_mon:fast:work
    l15_cpxencoder_threadid :  1:cmp_l15_messages_mon:fast:work
    mesi_write_way_s2 :  1:cmp_l15_messages_mon:fast:work
    csm_op_s2 :  1:cmp_l15_messages_mon:fast:work
    l15_wmt_read_val_s2 :  1:cmp_l15_messages_mon:fast:work
    l15_wmt_write_val_s3 :  1:cmp_l15_messages_mon:fast:work
    pcxdecoder_l15_blockinitstore :  1:cmp_l15_messages_mon:fast:work
    stall_s2 :  1:cmp_l15_messages_mon:fast:work
    noc2decoder_l15_f4b :  1:cmp_l15_messages_mon:fast:work
    l15_cpxencoder_inval_dcache_all_way :  1:cmp_l15_messages_mon:fast:work
    noc1_homeid_source_s3 :  1:cmp_l15_messages_mon:fast:work
    wmt_l15_data_s3 :  1:cmp_l15_messages_mon:fast:work
    l15_cpxencoder_val :  1:cmp_l15_messages_mon:fast:work
    mesi_state_way2_s2 :  1:cmp_l15_messages_mon:fast:work
    pcxdecoder_l15_val :  1:cmp_l15_messages_mon:fast:work
    pcxdecoder_l15_amo_op :  1:cmp_l15_messages_mon:fast:work
    address_s2 :  1:cmp_l15_messages_mon:fast:work
    dtag_tag_way1_s2 :  1:cmp_l15_messages_mon:fast:work
    csm_l15_res_data_s3 :  1:cmp_l15_messages_mon:fast:work
    l15_cpxencoder_prefetch :  1:cmp_l15_messages_mon:fast:work
    l15_hmt_write_data_s2 :  1:cmp_l15_messages_mon:fast:work
    l15_cpxencoder_data_2 :  1:cmp_l15_messages_mon:fast:work
    noc2decoder_l15_reqtype :  1:cmp_l15_messages_mon:fast:work
    noc2decoder_l15_data_1 :  1:cmp_l15_messages_mon:fast:work
    decoder_dtag_operation_s2 :  1:cmp_l15_messages_mon:fast:work
    fetch_state_s1 :  1:cmp_l15_messages_mon:fast:work
    predecode_reqtype_s1 :  1:cmp_l15_messages_mon:fast:work
    lru_way_s2 :  1:cmp_l15_messages_mon:fast:work
    l15_cpxencoder_blockinitstore :  1:cmp_l15_messages_mon:fast:work
    hmt_l15_dout_s3 :  1:cmp_l15_messages_mon:fast:work
    pcxdecoder_l15_invalidate_cacheline :  1:cmp_l15_messages_mon:fast:work
    l15_cpxencoder_l2miss :  1:cmp_l15_messages_mon:fast:work
    mesi_write_state_s2 :  1:cmp_l15_messages_mon:fast:work
    pcxdecoder_l15_l1rplway :  1:cmp_l15_messages_mon:fast:work
    noc2decoder_l15_ack_state :  1:cmp_l15_messages_mon:fast:work
    l15_csm_req_type_s2 :  1:cmp_l15_messages_mon:fast:work
    val_s3 :  1:cmp_l15_messages_mon:fast:work
    l15_dcache_val_s2 :  1:cmp_l15_messages_mon:fast:work
    l15_cpxencoder_inval_dcache_inval :  1:cmp_l15_messages_mon:fast:work
    noc1_req_val_s3 :  1:cmp_l15_messages_mon:fast:work
    val_s1 :  1:cmp_l15_messages_mon:fast:work
    stall_s3 :  1:cmp_l15_messages_mon:fast:work
    mesi_state_way3_s2 :  1:cmp_l15_messages_mon:fast:work
    pcxdecoder_l15_address :  1:cmp_l15_messages_mon:fast:work
    cache_index_s2 :  1:cmp_l15_messages_mon:fast:work
    dtag_tag_way2_s2 :  1:cmp_l15_messages_mon:fast:work
    cache_index_l1d_s3 :  1:cmp_l15_messages_mon:fast:work
    l15_cpxencoder_f4b :  1:cmp_l15_messages_mon:fast:work
    predecode_reqtype_s3 :  1:cmp_l15_messages_mon:fast:work
    l15_cpxencoder_data_3 :  1:cmp_l15_messages_mon:fast:work
    noc2decoder_l15_mshrid :  1:cmp_l15_messages_mon:fast:work
    noc2decoder_l15_data_2 :  1:cmp_l15_messages_mon:fast:work
    mesi_state_way0_s2 :  1:cmp_l15_messages_mon:fast:work
    pcxdecoder_l15_threadid :  1:cmp_l15_messages_mon:fast:work
    pcxdecoder_l15_prefetch :  1:cmp_l15_messages_mon:fast:work
    predecode_address_s1 :  1:cmp_l15_messages_mon:fast:work
    lru_used_bits_s2 :  1:cmp_l15_messages_mon:fast:work
    l15_cpxencoder_data_0 :  1:cmp_l15_messages_mon:fast:work
    noc2_src_homeid_s3 :  1:cmp_l15_messages_mon:fast:work
    noc2decoder_l15_hmc_fill :  1:cmp_l15_messages_mon:fast:work
    l15_cpxencoder_noncacheable :  1:cmp_l15_messages_mon:fast:work
    dcache_val_s2 :  1:cmp_l15_messages_mon:fast:work
    pcxdecoder_l15_data :  1:cmp_l15_messages_mon:fast:work
    noc2decoder_l15_address :  1:cmp_l15_messages_mon:fast:work
    l15_csm_req_ticket_s2 :  1:cmp_l15_messages_mon:fast:work
    creditman_noc1_avail :  1:cmp_l15_messages_mon:fast:work
    dcache_operation_s2 :  1:cmp_l15_messages_mon:fast:work
    l15_cpxencoder_inval_icache_inval :  1:cmp_l15_messages_mon:fast:work
    noc3_homeid_source_s3 :  1:cmp_l15_messages_mon:fast:work
    stall_s1 :  1:cmp_l15_messages_mon:fast:work
    l15_cpxencoder_returntype :  1:cmp_l15_messages_mon:fast:work
    l15_mesi_write_val_s2 :  1:cmp_l15_messages_mon:fast:work
    pcxdecoder_l15_nc :  1:cmp_l15_messages_mon:fast:work
    csm_req_val_s2 :  1:cmp_l15_messages_mon:fast:work
    dtag_tag_way3_s2 :  1:cmp_l15_messages_mon:fast:work
    wmt_data_s3 :  1:cmp_l15_messages_mon:fast:work
    val_s2 :  1:cmp_l15_messages_mon:fast:work
    creditman_noc1_data_avail :  1:cmp_l15_messages_mon:fast:work
    l15_cpxencoder_inval_icache_all_way :  1:cmp_l15_messages_mon:fast:work
    address_s3 :  1:cmp_l15_messages_mon:fast:work
    pcxdecoder_l15_blockstore :  1:cmp_l15_messages_mon:fast:work
    noc2decoder_l15_l2miss :  1:cmp_l15_messages_mon:fast:work
    noc2decoder_l15_data_3 :  1:cmp_l15_messages_mon:fast:work
    mesi_state_way1_s2 :  1:cmp_l15_messages_mon:fast:work
    pcxdecoder_l15_rqtype :  1:cmp_l15_messages_mon:fast:work
    predecode_reqtype_s2 :  1:cmp_l15_messages_mon:fast:work
    dtag_tag_way0_s2 :  1:cmp_l15_messages_mon:fast:work
    cpx_data_source_s3 :  1:cmp_l15_messages_mon:fast:work
    l15_cpxencoder_atomic :  1:cmp_l15_messages_mon:fast:work
    l15_dcache_rw_s2 :  1:cmp_l15_messages_mon:fast:work
    l15_cpxencoder_data_1 :  1:cmp_l15_messages_mon:fast:work
    pcxdecoder_l15_csm_data :  1:cmp_l15_messages_mon:fast:work
    noc2decoder_l15_data_0 :  1:cmp_l15_messages_mon:fast:work
    l15_csm_req_data_s2 :  1:cmp_l15_messages_mon:fast:work
END 
BEGIN 1:commit_stage:fast:work
    exception_o :  1:cva6:fast:work
END 
BEGIN 1:id_stage:fast:work
    fetch_entry_i :  1:cva6:fast:work
    fetch_entry_valid_i :  1:cva6:fast:work
    fetch_entry_ready_o :  1:cva6:fast:work
END 
BEGIN 1:l2_pipe1:fast:work
    msg_length :  1:l2_mon:fast:work
END 
BEGIN_UNRESOLVED_HREF
 1:instr_tracer:fast:work
END_UNRESOLVED_HREF
