   33460ns      377 M 000000fff1010000 0 0010041b addiw          s0, 1                 s0  :0000000000000001
   33694ns      611 M 000000fff1010004 0 0000047e c.slli         s0, s0, 31            s0  :0000000080000000 s0  :0000000000000001
   33931ns      848 M 000000fff1010006 0 f1402573 csrr           a0, mhartid           a0  :0000000000000000
   34163ns     1080 M 000000fff101000a 0 00000597 auipc          a1, 0x0               a1  :000000fff101000a
   34401ns     1318 M 000000fff101000e 0 07658593 addi           a1, a1, 118           a1  :000000fff1010080 a1  :000000fff101000a
   34402ns     1319 M 000000fff1010012 1 00008402 c.jr           x0, s0, 0             s0  :0000000080000000
   34634ns     1551 M 0000000080000000 0 00004081 c.li           ra, 0                 ra  :0000000000000000
   34635ns     1552 M 0000000080000002 0 00004101 c.li           sp, 0                 sp  :0000000000000000
   34636ns     1553 M 0000000080000004 0 00004181 c.li           gp, 0                 gp  :0000000000000000
   34637ns     1554 M 0000000080000006 0 00004201 c.li           tp, 0                 tp  :0000000000000000
   34638ns     1555 M 0000000080000008 0 00004281 c.li           t0, 0                 t0  :0000000000000000
   34639ns     1556 M 000000008000000a 0 00004301 c.li           t1, 0                 t1  :0000000000000000
   34640ns     1557 M 000000008000000c 0 00004381 c.li           t2, 0                 t2  :0000000000000000
   34641ns     1558 M 000000008000000e 0 00004401 c.li           s0, 0                 s0  :0000000000000000
   34642ns     1559 M 0000000080000010 0 00004481 c.li           s1, 0                 s1  :0000000000000000
   34643ns     1560 M 0000000080000012 0 00004501 c.li           a0, 0                 a0  :0000000000000000
   34644ns     1561 M 0000000080000014 0 00004581 c.li           a1, 0                 a1  :0000000000000000
   34645ns     1562 M 0000000080000016 0 00004601 c.li           a2, 0                 a2  :0000000000000000
   34646ns     1563 M 0000000080000018 0 00004681 c.li           a3, 0                 a3  :0000000000000000
   34647ns     1564 M 000000008000001a 0 00004701 c.li           a4, 0                 a4  :0000000000000000
   34648ns     1565 M 000000008000001c 0 00004781 c.li           a5, 0                 a5  :0000000000000000
   34649ns     1566 M 000000008000001e 0 00004801 c.li           a6, 0                 a6  :0000000000000000
   34672ns     1589 M 0000000080000020 0 00004881 c.li           a7, 0                 a7  :0000000000000000
   34673ns     1590 M 0000000080000022 0 00004901 c.li           s2, 0                 s2  :0000000000000000
   34674ns     1591 M 0000000080000024 0 00004981 c.li           s3, 0                 s3  :0000000000000000
   34675ns     1592 M 0000000080000026 0 00004a01 c.li           s4, 0                 s4  :0000000000000000
   34676ns     1593 M 0000000080000028 0 00004a81 c.li           s5, 0                 s5  :0000000000000000
   34677ns     1594 M 000000008000002a 0 00004b01 c.li           s6, 0                 s6  :0000000000000000
   34678ns     1595 M 000000008000002c 0 00004b81 c.li           s7, 0                 s7  :0000000000000000
   34679ns     1596 M 000000008000002e 0 00004c01 c.li           s8, 0                 s8  :0000000000000000
   34680ns     1597 M 0000000080000030 0 00004c81 c.li           s9, 0                 s9  :0000000000000000
   34681ns     1598 M 0000000080000032 0 00004d01 c.li          s10, 0                 s10 :0000000000000000
   34682ns     1599 M 0000000080000034 0 00004d81 c.li          s11, 0                 s11 :0000000000000000
   34683ns     1600 M 0000000080000036 0 00004e01 c.li           t3, 0                 t3  :0000000000000000
   34684ns     1601 M 0000000080000038 0 00004e81 c.li           t4, 0                 t4  :0000000000000000
   34685ns     1602 M 000000008000003a 0 00004f01 c.li           t5, 0                 t5  :0000000000000000
   34686ns     1603 M 000000008000003c 0 00004f81 c.li           t6, 0                 t6  :0000000000000000
   34687ns     1604 M 000000008000003e 0 000062f9 c.lui          t0, 0x1e              t0  :000000000001e000
   34914ns     1831 M 0000000080000040 0 3002a073 csrrs          t0, mstatus           t0  :000000000001e000
   34921ns     1838 M 0000000080000044 0 00004285 c.li           t0, 1                 t0  :0000000000000001
   34923ns     1840 M 0000000080000046 0 000002fe c.slli         t0, t0, 31            t0  :0000000080000000 t0  :0000000000000001
   34924ns     1841 M 0000000080000048 1 0002d863 bgez           t0, pc + 16           t0  :0000000080000000
   34930ns     1847 M 0000000080000058 0 00000297 auipc          t0, 0x0               t0  :0000000080000058
   34932ns     1849 M 000000008000005c 0 09028293 addi           t0, t0, 144           t0  :00000000800000e8 t0  :0000000080000058
   34957ns     1874 M 0000000080000060 0 30529073 csrw           t0, mtvec             t0  :00000000800000e8
   34959ns     1876 M 0000000080000064 0 00301073 csrw           x0, fcsr             
   34967ns     1884 M 0000000080000068 0 f0000053                                      ft0 :ffffffff00000000
   34968ns     1885 M 000000008000006c 0 f00000d3                                      ft1 :ffffffff00000000
   34969ns     1886 M 0000000080000070 0 f0000153                                      ft2 :ffffffff00000000
   34970ns     1887 M 0000000080000074 0 f00001d3                                      ft3 :ffffffff00000000
   34971ns     1888 M 0000000080000078 0 f0000253                                      ft4 :ffffffff00000000
   34972ns     1889 M 000000008000007c 0 f00002d3                                      ft5 :ffffffff00000000
   35210ns     2127 M 0000000080000080 0 f0000353                                      ft6 :ffffffff00000000
   35212ns     2129 M 0000000080000084 0 f00003d3                                      ft7 :ffffffff00000000
   35213ns     2130 M 0000000080000088 0 f0000453                                      fs0 :ffffffff00000000
   35214ns     2131 M 000000008000008c 0 f00004d3                                      fs1 :ffffffff00000000
   35215ns     2132 M 0000000080000090 0 f0000553                                      fa0 :ffffffff00000000
   35216ns     2133 M 0000000080000094 0 f00005d3                                      fa1 :ffffffff00000000
   35217ns     2134 M 0000000080000098 0 f0000653                                      fa2 :ffffffff00000000
   35218ns     2135 M 000000008000009c 0 f00006d3                                      fa3 :ffffffff00000000
   35246ns     2163 M 00000000800000a0 0 f0000753                                      fa4 :ffffffff00000000
   35248ns     2165 M 00000000800000a4 0 f00007d3                                      fa5 :ffffffff00000000
   35249ns     2166 M 00000000800000a8 0 f0000853                                      fa6 :ffffffff00000000
   35250ns     2167 M 00000000800000ac 0 f00008d3                                      fa7 :ffffffff00000000
   35251ns     2168 M 00000000800000b0 0 f0000953                                      fs2 :ffffffff00000000
   35252ns     2169 M 00000000800000b4 0 f00009d3                                      fs3 :ffffffff00000000
   35253ns     2170 M 00000000800000b8 0 f0000a53                                      fs4 :ffffffff00000000
   35254ns     2171 M 00000000800000bc 0 f0000ad3                                      fs5 :ffffffff00000000
   35490ns     2407 M 00000000800000c0 0 f0000b53                                      fs6 :ffffffff00000000
   35492ns     2409 M 00000000800000c4 0 f0000bd3                                      fs7 :ffffffff00000000
   35493ns     2410 M 00000000800000c8 0 f0000c53                                      fs8 :ffffffff00000000
   35494ns     2411 M 00000000800000cc 0 f0000cd3                                      fs9 :ffffffff00000000
   35495ns     2412 M 00000000800000d0 0 f0000d53                                      fs10:ffffffff00000000
   35496ns     2413 M 00000000800000d4 0 f0000dd3                                      fs11:ffffffff00000000
   35497ns     2414 M 00000000800000d8 0 f0000e53                                      ft8 :ffffffff00000000
   35498ns     2415 M 00000000800000dc 0 f0000ed3                                      ft9 :ffffffff00000000
   35525ns     2442 M 00000000800000e0 0 f0000f53                                      ft10:ffffffff00000000
   35527ns     2444 M 00000000800000e4 0 f0000fd3                                      ft11:ffffffff00000000
   35527ns     2444 M 00000000800000e8 0 00000297 auipc          t0, 0x0               t0  :00000000800000e8
   35529ns     2446 M 00000000800000ec 0 03c28293 addi           t0, t0, 60            t0  :0000000080000124 t0  :00000000800000e8
   35530ns     2447 M 00000000800000f0 0 30529073 csrw           t0, mtvec             t0  :0000000080000124
   35532ns     2449 M 00000000800000f4 0 00001197 auipc          gp, 0x1               gp  :00000000800010f4
   35534ns     2451 M 00000000800000f8 0 31418193 addi           gp, gp, 788           gp  :0000000080001408 gp  :00000000800010f4
   35535ns     2452 M 00000000800000fc 0 00001217 auipc          tp, 0x1               tp  :00000000800010fc
   35769ns     2686 M 0000000080000100 0 b8320213 addi           tp, tp, -1149         tp  :0000000080000c7f tp  :00000000800010fc
   35771ns     2688 M 0000000080000104 0 fc027213 andi           tp, tp, -64           tp  :0000000080000c40 tp  :0000000080000c7f
   35772ns     2689 M 0000000080000108 0 f1402573 csrr           a0, mhartid           a0  :0000000000000000
   35774ns     2691 M 000000008000010c 0 00004585 c.li           a1, 1                 a1  :0000000000000001
   35775ns     2692 M 000000008000010e 0 00b57063 bgeu           a0, a1, pc - 0        a0  :0000000000000000 a1  :0000000000000001
   35776ns     2693 M 0000000080000112 0 01151613 slli           a2, a0, 0x11          a2  :0000000000000000 a0  :0000000000000000
   35777ns     2694 M 0000000080000116 0 00009232 c.add          tp, tp, a2            tp  :0000000080000c40 tp  :0000000080000c40 a2  :0000000000000000
   35778ns     2695 M 0000000080000118 0 00150113 addi           sp, a0, 1             sp  :0000000000000001 a0  :0000000000000000
   35780ns     2697 M 000000008000011c 0 00000146 c.slli         sp, sp, 17            sp  :0000000000020000 sp  :0000000000000001
   35782ns     2699 M 000000008000011e 0 00009112 c.add          sp, sp, tp            sp  :0000000080020c40 sp  :0000000000020000 tp  :0000000080000c40
   35803ns     2720 M 0000000080000120 0 5fa0006f j              pc + 1530            
   36035ns     2952 M 000000008000071a 0 00007131 c.lui          sp, 0xfffff           sp  :0000000080020b80
   36038ns     2955 M 000000008000071c 0 0000f922 c.sdsp         s0, 176(sp)           s0  :0000000000000000 sp  :0000000080020b80 VA: 0000000080020c30 PA: 00000080020c30
   36039ns     2956 M 000000008000071e 0 0000f526 c.sdsp         s1, 168(sp)           s1  :0000000000000000 sp  :0000000080020b80 VA: 0000000080020c28 PA: 00000080020c28
   36063ns     2980 M 0000000080000720 0 0000842a c.mv           s0, x0, a0            s0  :0000000000000000 a0  :0000000000000000
   36064ns     2981 M 0000000080000722 0 000084ae c.mv           s1, x0, a1            s1  :0000000000000001 a1  :0000000000000001
   36065ns     2982 M 0000000080000724 0 00004509 c.li           a0, 2                 a0  :0000000000000002
   36066ns     2983 M 0000000080000726 0 0000002c c.addi4spn     a1, sp, 8             a1  :0000000080020b88 sp  :0000000080020b80
   36068ns     2985 M 0000000080000728 0 0000ed4e c.sdsp         s3, 152(sp)           s3  :0000000000000000 sp  :0000000080020b80 VA: 0000000080020c18 PA: 00000080020c18
   36069ns     2986 M 000000008000072a 0 0000e15a c.sdsp         s6, 128(sp)           s6  :0000000000000000 sp  :0000000080020b80 VA: 0000000080020c00 PA: 00000080020c00
   36070ns     2987 M 000000008000072c 0 0000fd06 c.sdsp         ra, 184(sp)           ra  :0000000000000000 sp  :0000000080020b80 VA: 0000000080020c38 PA: 00000080020c38
   36071ns     2988 M 000000008000072e 0 0000f14a c.sdsp         s2, 160(sp)           s2  :0000000000000000 sp  :0000000080020b80 VA: 0000000080020c20 PA: 00000080020c20
   36072ns     2989 M 0000000080000730 0 0000e952 c.sdsp         s4, 144(sp)           s4  :0000000000000000 sp  :0000000080020b80 VA: 0000000080020c10 PA: 00000080020c10
   36073ns     2990 M 0000000080000732 0 0000e556 c.sdsp         s5, 136(sp)           s5  :0000000000000000 sp  :0000000080020b80 VA: 0000000080020c08 PA: 00000080020c08
   36073ns     2990 M 0000000080000734 0 04f10993 addi           s3, sp, 79            s3  :0000000080020bcf sp  :0000000080020b80
   36075ns     2992 M 0000000080000738 0 0000e40a c.sdsp         sp, 8(sp)             sp  :0000000080020b80 sp  :0000000080020b80 VA: 0000000080020b88 PA: 00000080020b88
   36076ns     2993 M 000000008000073a 0 00810023 sb             s0, 0(sp)             s0  :0000000000000000 sp  :0000000080020b80 VA: 0000000080020b80 PA: 00000080020b80
   36490ns     3407 M 000000008000073e 0 009100a3 sb             s1, 1(sp)             s1  :0000000000000001 sp  :0000000080020b80 VA: 0000000080020b81 PA: 00000080020b81
   36491ns     3408 M 0000000080000742 0 1da000ef jal            ra, 474               ra  :0000000080000746
   36771ns     3688 M 000000008000091c 0 00001101 c.addi         sp, sp, -32           sp  :0000000080020b60 sp  :0000000080020b80
   36773ns     3690 M 000000008000091e 0 0000e822 c.sdsp         s0, 16(sp)            s0  :0000000000000000 sp  :0000000080020b60 VA: 0000000080020b70 PA: 00000080020b70
   36800ns     3717 M 0000000080000920 0 0000e426 c.sdsp         s1, 8(sp)             s1  :0000000000000001 sp  :0000000080020b60 VA: 0000000080020b68 PA: 00000080020b68
   36801ns     3718 M 0000000080000922 0 0000e04a c.sdsp         s2, 0(sp)             s2  :0000000000000000 sp  :0000000080020b60 VA: 0000000080020b60 PA: 00000080020b60
   36802ns     3719 M 0000000080000924 0 0000ec06 c.sdsp         ra, 24(sp)            ra  :0000000080000746 sp  :0000000080020b60 VA: 0000000080020b78 PA: 00000080020b78
   36802ns     3719 M 0000000080000926 0 0000892e c.mv           s2, x0, a1            s2  :0000000080020b88 a1  :0000000080020b88
   36803ns     3720 M 0000000080000928 0 00004401 c.li           s0, 0                 s0  :0000000000000000
   36804ns     3721 M 000000008000092a 0 02000493 li             s1, 32                s1  :0000000000000020
   36816ns     3733 M 000000008000092e 0 00093783 ld             a5, 0(s2)             a5  :0000000080020b80 s2  :0000000080020b88 VA: 0000000080020b88 PA: 00000080020b88
   36816ns     3733 M 0000000080000932 0 00008622 c.mv           a2, x0, s0            a2  :0000000000000000 s0  :0000000000000000
   36817ns     3734 M 0000000080000934 0 00000517 auipc          a0, 0x0               a0  :0000000080000934
   36819ns     3736 M 0000000080000938 0 08450513 addi           a0, a0, 132           a0  :00000000800009b8 a0  :0000000080000934
