3 0x000000fff1010000 (0x0010041b) x 8 0x0000000000000001
3 0x000000fff1010004 (0x047e) x 8 0x0000000080000000
3 0x000000fff1010006 (0xf1402573) x10 0x0000000000000000
3 0x000000fff101000a (0x00000597) x11 0x000000fff101000a
3 0x000000fff101000e (0x07658593) x11 0x000000fff1010080
3 0x000000fff1010012 (0x8402)
3 0x0000000080000000 (0x4081) x 1 0x0000000000000000
3 0x0000000080000002 (0x4101) x 2 0x0000000000000000
3 0x0000000080000004 (0x4181) x 3 0x0000000000000000
3 0x0000000080000006 (0x4201) x 4 0x0000000000000000
3 0x0000000080000008 (0x4281) x 5 0x0000000000000000
3 0x000000008000000a (0x4301) x 6 0x0000000000000000
3 0x000000008000000c (0x4381) x 7 0x0000000000000000
3 0x000000008000000e (0x4401) x 8 0x0000000000000000
3 0x0000000080000010 (0x4481) x 9 0x0000000000000000
3 0x0000000080000012 (0x4501) x10 0x0000000000000000
3 0x0000000080000014 (0x4581) x11 0x0000000000000000
3 0x0000000080000016 (0x4601) x12 0x0000000000000000
3 0x0000000080000018 (0x4681) x13 0x0000000000000000
3 0x000000008000001a (0x4701) x14 0x0000000000000000
3 0x000000008000001c (0x4781) x15 0x0000000000000000
3 0x000000008000001e (0x4801) x16 0x0000000000000000
3 0x0000000080000020 (0x4881) x17 0x0000000000000000
3 0x0000000080000022 (0x4901) x18 0x0000000000000000
3 0x0000000080000024 (0x4981) x19 0x0000000000000000
3 0x0000000080000026 (0x4a01) x20 0x0000000000000000
3 0x0000000080000028 (0x4a81) x21 0x0000000000000000
3 0x000000008000002a (0x4b01) x22 0x0000000000000000
3 0x000000008000002c (0x4b81) x23 0x0000000000000000
3 0x000000008000002e (0x4c01) x24 0x0000000000000000
3 0x0000000080000030 (0x4c81) x25 0x0000000000000000
3 0x0000000080000032 (0x4d01) x26 0x0000000000000000
3 0x0000000080000034 (0x4d81) x27 0x0000000000000000
3 0x0000000080000036 (0x4e01) x28 0x0000000000000000
3 0x0000000080000038 (0x4e81) x29 0x0000000000000000
3 0x000000008000003a (0x4f01) x30 0x0000000000000000
3 0x000000008000003c (0x4f81) x31 0x0000000000000000
3 0x000000008000003e (0x62f9) x 5 0x000000000001e000
3 0x0000000080000040 (0x3002a073)
3 0x0000000080000044 (0x4285) x 5 0x0000000000000001
3 0x0000000080000046 (0x02fe) x 5 0x0000000080000000
3 0x0000000080000048 (0x0002d863)
3 0x0000000080000058 (0x00000297) x 5 0x0000000080000058
3 0x000000008000005c (0x09028293) x 5 0x00000000800000e8
3 0x0000000080000060 (0x30529073)
3 0x0000000080000064 (0x00301073)
3 0x0000000080000068 (0xf0000053) f 0 0xffffffff00000000
3 0x000000008000006c (0xf00000d3) f 1 0xffffffff00000000
3 0x0000000080000070 (0xf0000153) f 2 0xffffffff00000000
3 0x0000000080000074 (0xf00001d3) f 3 0xffffffff00000000
3 0x0000000080000078 (0xf0000253) f 4 0xffffffff00000000
3 0x000000008000007c (0xf00002d3) f 5 0xffffffff00000000
3 0x0000000080000080 (0xf0000353) f 6 0xffffffff00000000
3 0x0000000080000084 (0xf00003d3) f 7 0xffffffff00000000
3 0x0000000080000088 (0xf0000453) f 8 0xffffffff00000000
3 0x000000008000008c (0xf00004d3) f 9 0xffffffff00000000
3 0x0000000080000090 (0xf0000553) f10 0xffffffff00000000
3 0x0000000080000094 (0xf00005d3) f11 0xffffffff00000000
3 0x0000000080000098 (0xf0000653) f12 0xffffffff00000000
3 0x000000008000009c (0xf00006d3) f13 0xffffffff00000000
3 0x00000000800000a0 (0xf0000753) f14 0xffffffff00000000
3 0x00000000800000a4 (0xf00007d3) f15 0xffffffff00000000
3 0x00000000800000a8 (0xf0000853) f16 0xffffffff00000000
3 0x00000000800000ac (0xf00008d3) f17 0xffffffff00000000
3 0x00000000800000b0 (0xf0000953) f18 0xffffffff00000000
3 0x00000000800000b4 (0xf00009d3) f19 0xffffffff00000000
3 0x00000000800000b8 (0xf0000a53) f20 0xffffffff00000000
3 0x00000000800000bc (0xf0000ad3) f21 0xffffffff00000000
3 0x00000000800000c0 (0xf0000b53) f22 0xffffffff00000000
3 0x00000000800000c4 (0xf0000bd3) f23 0xffffffff00000000
3 0x00000000800000c8 (0xf0000c53) f24 0xffffffff00000000
3 0x00000000800000cc (0xf0000cd3) f25 0xffffffff00000000
3 0x00000000800000d0 (0xf0000d53) f26 0xffffffff00000000
3 0x00000000800000d4 (0xf0000dd3) f27 0xffffffff00000000
3 0x00000000800000d8 (0xf0000e53) f28 0xffffffff00000000
3 0x00000000800000dc (0xf0000ed3) f29 0xffffffff00000000
3 0x00000000800000e0 (0xf0000f53) f30 0xffffffff00000000
3 0x00000000800000e4 (0xf0000fd3) f31 0xffffffff00000000
3 0x00000000800000e8 (0x00000297) x 5 0x00000000800000e8
3 0x00000000800000ec (0x03c28293) x 5 0x0000000080000124
3 0x00000000800000f0 (0x30529073)
3 0x00000000800000f4 (0x00001197) x 3 0x00000000800010f4
3 0x00000000800000f8 (0x31418193) x 3 0x0000000080001408
3 0x00000000800000fc (0x00001217) x 4 0x00000000800010fc
3 0x0000000080000100 (0xb8320213) x 4 0x0000000080000c7f
3 0x0000000080000104 (0xfc027213) x 4 0x0000000080000c40
3 0x0000000080000108 (0xf1402573) x10 0x0000000000000000
3 0x000000008000010c (0x4585) x11 0x0000000000000001
3 0x000000008000010e (0x00b57063)
3 0x0000000080000112 (0x01151613) x12 0x0000000000000000
3 0x0000000080000116 (0x9232) x 4 0x0000000080000c40
3 0x0000000080000118 (0x00150113) x 2 0x0000000000000001
3 0x000000008000011c (0x0146) x 2 0x0000000000020000
3 0x000000008000011e (0x9112) x 2 0x0000000080020c40
3 0x0000000080000120 (0x5fa0006f)
3 0x000000008000071a (0x7131) x 2 0x0000000080020b80
3 0x000000008000071c (0xf922)
3 0x000000008000071e (0xf526)
3 0x0000000080000720 (0x842a) x 8 0x0000000000000000
3 0x0000000080000722 (0x84ae) x 9 0x0000000000000001
3 0x0000000080000724 (0x4509) x10 0x0000000000000002
3 0x0000000080000726 (0x002c) x11 0x0000000080020b88
3 0x0000000080000728 (0xed4e)
3 0x000000008000072a (0xe15a)
3 0x000000008000072c (0xfd06)
3 0x000000008000072e (0xf14a)
3 0x0000000080000730 (0xe952)
3 0x0000000080000732 (0xe556)
3 0x0000000080000734 (0x04f10993) x19 0x0000000080020bcf
3 0x0000000080000738 (0xe40a)
3 0x000000008000073a (0x00810023)
3 0x000000008000073e (0x009100a3)
3 0x0000000080000742 (0x1da000ef) x 1 0x0000000080000746
3 0x000000008000091c (0x1101) x 2 0x0000000080020b60
3 0x000000008000091e (0xe822)
3 0x0000000080000920 (0xe426)
3 0x0000000080000922 (0xe04a)
3 0x0000000080000924 (0xec06)
3 0x0000000080000926 (0x892e) x18 0x0000000080020b88
3 0x0000000080000928 (0x4401) x 8 0x0000000000000000
3 0x000000008000092a (0x02000493) x 9 0x0000000000000020
3 0x000000008000092e (0x00093783) x15 0x0000000080020b80
3 0x0000000080000932 (0x8622) x12 0x0000000000000000
3 0x0000000080000934 (0x00000517) x10 0x0000000080000934
3 0x0000000080000938 (0x08450513) x10 0x00000000800009b8
